This is LuaHBTeX, Version 1.22.0 (TeX Live 2026/dev/Arch Linux)  (format=lualatex 2025.10.1)  2 OCT 2025 13:02
 restricted system commands enabled.
**0.Mémoire_TNAH1.tex
(./0.Mémoire_TNAH1.tex
LaTeX2e <2024-11-01> patch level 2
L3 programming layer <2025-01-18>
Lua module: luaotfload 2024-12-03 v3.29 Lua based OpenType font support
Lua module: lualibs 2023-07-13 v2.76 ConTeXt Lua standard libraries.
Lua module: lualibs-extended 2023-07-13 v2.76 ConTeXt Lua libraries -- extended 
collection.
luaotfload | conf : Root cache directory is "/home/lujes/.texlive/texmf-var/luat
ex-cache/generic/names".
luaotfload | init : Loading fontloader "fontloader-2023-12-28.lua" from kpse-res
olved path "/usr/share/texmf-dist/tex/luatex/luaotfload/fontloader-2023-12-28.lu
a".
Lua-only attribute luaotfload@noligature = 1
luaotfload | init : Context OpenType loader version 3.134
Inserting `luaotfload.node_processor' in `pre_linebreak_filter'.
Inserting `luaotfload.node_processor' in `hpack_filter'.
Inserting `luaotfload.glyph_stream' in `glyph_stream_provider'.
Inserting `luaotfload.define_font' in `define_font'.
Lua-only attribute luaotfload_color_attribute = 2
luaotfload | conf : Root cache directory is "/home/lujes/.texlive/texmf-var/luat
ex-cache/generic/names".
Inserting `luaotfload.harf.strip_prefix' in `find_opentype_file'.
Inserting `luaotfload.harf.strip_prefix' in `find_truetype_file'.
Removing  `luaotfload.glyph_stream' from `glyph_stream_provider'.
Inserting `luaotfload.harf.glyphstream' in `glyph_stream_provider'.
Inserting `luaotfload.harf.finalize_vlist' in `post_linebreak_filter'.
Inserting `luaotfload.harf.finalize_hlist' in `hpack_filter'.
Inserting `luaotfload.cleanup_files' in `wrapup_run'.
Inserting `luaotfload.harf.finalize_unicode' in `finish_pdffile'.
Inserting `luaotfload.glyphinfo' in `glyph_info'.
Lua-only attribute luaotfload.letterspace_done = 3
Inserting `luaotfload.aux.set_sscale_dimens' in `luaotfload.patch_font'.
Inserting `luaotfload.aux.set_font_index' in `luaotfload.patch_font'.
Inserting `luaotfload.aux.patch_cambria_domh' in `luaotfload.patch_font'.
Inserting `luaotfload.aux.fixup_fontdata' in `luaotfload.patch_font_unsafe'.
Inserting `luaotfload.aux.set_capheight' in `luaotfload.patch_font'.
Inserting `luaotfload.aux.set_xheight' in `luaotfload.patch_font'.
Inserting `luaotfload.rewrite_fontname' in `luaotfload.patch_font'.
Inserting `tracingstacklevels' in `input_level_string'. (/usr/share/texmf-dist/
tex/latex/base/report.cls
Document Class: report 2024/06/29 v1.4n Standard LaTeX document class
(/usr/share/texmf-dist/tex/latex/base/size10.clo
File: size10.clo 2024/06/29 v1.4n Standard LaTeX file (size option)
luaotfload | db : Font names database loaded from /home/lujes/.texlive/texmf-var
/luatex-cache/generic/names/luaotfload-names.luc.gz)
\c@part=\count194
\c@chapter=\count195
\c@section=\count196
\c@subsection=\count197
\c@subsubsection=\count198
\c@paragraph=\count199
\c@subparagraph=\count266
\c@figure=\count267
\c@table=\count268
\abovecaptionskip=\skip49
\belowcaptionskip=\skip50
\bibindent=\dimen140
)
(/usr/share/texmf-dist/tex/latex/polyglossia/polyglossia.sty
Package: polyglossia 2025/01/31 v2.4 Modern multilingual typesetting with XeLaT
eX and LuaLaTeX

(/usr/share/texmf-dist/tex/latex/etoolbox/etoolbox.sty
Package: etoolbox 2025/02/11 v2.5l e-TeX tools for LaTeX (JAW)
\etb@tempcnta=\count269
)
(/usr/share/texmf-dist/tex/latex/fontspec/fontspec.sty
(/usr/share/texmf-dist/tex/latex/l3packages/xparse/xparse.sty
(/usr/share/texmf-dist/tex/latex/l3kernel/expl3.sty
Package: expl3 2025-01-18 L3 programming layer (loader) 

(/usr/share/texmf-dist/tex/latex/l3backend/l3backend-luatex.def
File: l3backend-luatex.def 2024-05-08 L3 backend support: PDF output (LuaTeX)
\l__color_backend_stack_int=\count270
Inserting `l3color' in `luaotfload.parse_color'.
\l__pdf_internal_box=\box52
))
Package: xparse 2024-08-16 L3 Experimental document command parser
)
Package: fontspec 2024/05/11 v2.9e Font selection for XeLaTeX and LuaLaTeX
Lua module: fontspec 2024/05/11 v2.9e Font selection for XeLaTeX and LuaLaTeX
(/usr/share/texmf-dist/tex/latex/fontspec/fontspec-luatex.sty
Package: fontspec-luatex 2024/05/11 v2.9e Font selection for XeLaTeX and LuaLaT
eX
\l__fontspec_script_int=\count271
\l__fontspec_language_int=\count272
\l__fontspec_strnum_int=\count273
\l__fontspec_tmp_int=\count274
\l__fontspec_tmpa_int=\count275
\l__fontspec_tmpb_int=\count276
\l__fontspec_tmpc_int=\count277
\l__fontspec_em_int=\count278
\l__fontspec_emdef_int=\count279
\l__fontspec_strong_int=\count280
\l__fontspec_strongdef_int=\count281
\l__fontspec_tmpa_dim=\dimen141
\l__fontspec_tmpb_dim=\dimen142
\l__fontspec_tmpc_dim=\dimen143

(/usr/share/texmf-dist/tex/latex/base/fontenc.sty
Package: fontenc 2021/04/29 v2.0v Standard LaTeX package
)
(/usr/share/texmf-dist/tex/latex/fontspec/fontspec.cfg)))
(/usr/share/texmf-dist/tex/generic/iftex/iftex.sty
Package: iftex 2024/12/12 v1.0g TeX engine tests
)
Lua module: polyglossia 2013/05/11 v1.3 Polyglossia
\l_xpg_alias_keyvals_int=\count282

(/usr/share/texmf-dist/tex/latex/polyglossia/gloss-latex.ldf
File: gloss-latex.ldf polyglossia: module for default language
)

Package polyglossia Info: Setting LuaTeX font renderer to Harfbuzz

)
(/usr/share/texmf-dist/tex/latex/biblatex/biblatex.sty
Package: biblatex 2024/03/21 v3.20 programmable bibliographies (PK/MW)

(/usr/share/texmf-dist/tex/generic/pdftexcmds/pdftexcmds.sty
Package: pdftexcmds 2020-06-27 v0.33 Utility functions of pdfTeX for LuaTeX (HO
)

(/usr/share/texmf-dist/tex/generic/infwarerr/infwarerr.sty
Package: infwarerr 2019/12/03 v1.5 Providing info/warning/error messages (HO)
)
(/usr/share/texmf-dist/tex/generic/ltxcmds/ltxcmds.sty
Package: ltxcmds 2023-12-04 v1.26 LaTeX kernel commands for general use (HO)
)
Package pdftexcmds Info: \pdf@primitive is available.
Package pdftexcmds Info: \pdf@ifprimitive is available.
Package pdftexcmds Info: \pdfdraftmode found.
\pdftexcmds@toks=\toks17
)
(/usr/share/texmf-dist/tex/latex/graphics/keyval.sty
Package: keyval 2022/05/29 v1.15 key=value parser (DPC)
\KV@toks@=\toks18
)
(/usr/share/texmf-dist/tex/latex/kvoptions/kvoptions.sty
Package: kvoptions 2022-06-15 v3.15 Key value format for package options (HO)

(/usr/share/texmf-dist/tex/latex/kvsetkeys/kvsetkeys.sty
Package: kvsetkeys 2022-10-05 v1.19 Key value parser (HO)
))
(/usr/share/texmf-dist/tex/latex/logreq/logreq.sty
Package: logreq 2010/08/04 v1.0 xml request logger
\lrq@indent=\count283

(/usr/share/texmf-dist/tex/latex/logreq/logreq.def
File: logreq.def 2010/08/04 v1.0 logreq spec v1.0
))
(/usr/share/texmf-dist/tex/latex/base/ifthen.sty
Package: ifthen 2024/03/16 v1.1e Standard LaTeX ifthen package (DPC)
)
(/usr/share/texmf-dist/tex/latex/url/url.sty
\Urlmuskip=\muskip17
Package: url 2013/09/16  ver 3.4  Verb mode for urls, etc.
)
\c@tabx@nest=\count284
\c@listtotal=\count285
\c@listcount=\count286
\c@liststart=\count287
\c@liststop=\count288
\c@citecount=\count289
\c@citetotal=\count290
\c@multicitecount=\count291
\c@multicitetotal=\count292
\c@instcount=\count293
\c@maxnames=\count294
\c@minnames=\count295
\c@maxitems=\count296
\c@minitems=\count297
\c@citecounter=\count298
\c@maxcitecounter=\count299
\c@savedcitecounter=\count300
\c@uniquelist=\count301
\c@uniquename=\count302
\c@refsection=\count303
\c@refsegment=\count304
\c@maxextratitle=\count305
\c@maxextratitleyear=\count306
\c@maxextraname=\count307
\c@maxextradate=\count308
\c@maxextraalpha=\count309
\c@abbrvpenalty=\count310
\c@highnamepenalty=\count311
\c@lownamepenalty=\count312
\c@maxparens=\count313
\c@parenlevel=\count314
\blx@tempcnta=\count315
\blx@tempcntb=\count316
\blx@tempcntc=\count317
\c@blx@maxsection=\count318
\blx@maxsegment@0=\count319
\blx@notetype=\count320
\blx@parenlevel@text=\count321
\blx@parenlevel@foot=\count322
\blx@sectionciteorder@0=\count323
\blx@sectionciteorderinternal@0=\count324
\blx@entrysetcounter=\count325
\blx@biblioinstance=\count326
\labelnumberwidth=\skip51
\labelalphawidth=\skip52
\biblabelsep=\skip53
\bibitemsep=\skip54
\bibnamesep=\skip55
\bibinitsep=\skip56
\bibparsep=\skip57
\bibhang=\skip58
\blx@bcfin=\read2
\blx@bcfout=\write3
\blx@langwohyphens=\language2
\c@mincomprange=\count327
\c@maxcomprange=\count328
\c@mincompwidth=\count329
Package biblatex Info: Trying to load biblatex default data model...
Package biblatex Info: ... file 'blx-dm.def' found.

(/usr/share/texmf-dist/tex/latex/biblatex/blx-dm.def
File: blx-dm.def 2024/03/21 v3.20 biblatex datamodel (PK/MW)
)
Package biblatex Info: Trying to load biblatex style data model...
Package biblatex Info: ... file 'verbose.dbx' not found.
Package biblatex Info: Trying to load biblatex custom data model...
Package biblatex Info: ... file 'biblatex-dm.cfg' not found.
\c@afterword=\count330
\c@savedafterword=\count331
\c@annotator=\count332
\c@savedannotator=\count333
\c@author=\count334
\c@savedauthor=\count335
\c@bookauthor=\count336
\c@savedbookauthor=\count337
\c@commentator=\count338
\c@savedcommentator=\count339
\c@editor=\count340
\c@savededitor=\count341
\c@editora=\count342
\c@savededitora=\count343
\c@editorb=\count344
\c@savededitorb=\count345
\c@editorc=\count346
\c@savededitorc=\count347
\c@foreword=\count348
\c@savedforeword=\count349
\c@holder=\count350
\c@savedholder=\count351
\c@introduction=\count352
\c@savedintroduction=\count353
\c@namea=\count354
\c@savednamea=\count355
\c@nameb=\count356
\c@savednameb=\count357
\c@namec=\count358
\c@savednamec=\count359
\c@translator=\count360
\c@savedtranslator=\count361
\c@shortauthor=\count362
\c@savedshortauthor=\count363
\c@shorteditor=\count364
\c@savedshorteditor=\count365
\c@labelname=\count366
\c@savedlabelname=\count367
\c@institution=\count368
\c@savedinstitution=\count369
\c@lista=\count370
\c@savedlista=\count371
\c@listb=\count372
\c@savedlistb=\count373
\c@listc=\count374
\c@savedlistc=\count375
\c@listd=\count376
\c@savedlistd=\count377
\c@liste=\count378
\c@savedliste=\count379
\c@listf=\count380
\c@savedlistf=\count381
\c@location=\count382
\c@savedlocation=\count383
\c@organization=\count384
\c@savedorganization=\count385
\c@origlocation=\count386
\c@savedoriglocation=\count387
\c@origpublisher=\count388
\c@savedorigpublisher=\count389
\c@publisher=\count390
\c@savedpublisher=\count391
\c@language=\count392
\c@savedlanguage=\count393
\c@origlanguage=\count394
\c@savedoriglanguage=\count395
\c@pageref=\count396
\c@savedpageref=\count397
\shorthandwidth=\skip59
\shortjournalwidth=\skip60
\shortserieswidth=\skip61
\shorttitlewidth=\skip62
\shortauthorwidth=\skip63
\shorteditorwidth=\skip64
\locallabelnumberwidth=\skip65
\locallabelalphawidth=\skip66
\localshorthandwidth=\skip67
\localshortjournalwidth=\skip68
\localshortserieswidth=\skip69
\localshorttitlewidth=\skip70
\localshortauthorwidth=\skip71
\localshorteditorwidth=\skip72
Package biblatex Info: Trying to load enhanced support for Unicode engines...
Package biblatex Info: ... file 'blx-unicode.def' found.

(/usr/share/texmf-dist/tex/latex/biblatex/blx-unicode.def)
Package biblatex Info: Trying to load compatibility code...
Package biblatex Info: ... file 'blx-compat.def' found.

(/usr/share/texmf-dist/tex/latex/biblatex/blx-compat.def
File: blx-compat.def 2024/03/21 v3.20 biblatex compatibility (PK/MW)
)
Package biblatex Info: Trying to load generic definitions...
Package biblatex Info: ... file 'biblatex.def' found.

(/usr/share/texmf-dist/tex/latex/biblatex/biblatex.def
File: biblatex.def 2024/03/21 v3.20 biblatex compatibility (PK/MW)
\c@textcitecount=\count398
\c@textcitetotal=\count399
\c@textcitemaxnames=\count400
\c@biburlbigbreakpenalty=\count401
\c@biburlbreakpenalty=\count402
\c@biburlnumpenalty=\count403
\c@biburlucpenalty=\count404
\c@biburllcpenalty=\count405
\biburlbigskip=\muskip18
\biburlnumskip=\muskip19
\biburlucskip=\muskip20
\biburllcskip=\muskip21
\c@smartand=\count406
)
Package biblatex Info: Trying to load bibliography style 'verbose'...
Package biblatex Info: ... file 'verbose.bbx' found.

(/usr/share/texmf-dist/tex/latex/biblatex/bbx/verbose.bbx
File: verbose.bbx 2024/03/21 v3.20 biblatex bibliography style (PK/MW)
Package biblatex Info: Trying to load bibliography style 'authortitle'...
Package biblatex Info: ... file 'authortitle.bbx' found.

(/usr/share/texmf-dist/tex/latex/biblatex/bbx/authortitle.bbx
File: authortitle.bbx 2024/03/21 v3.20 biblatex bibliography style (PK/MW)
Package biblatex Info: Trying to load bibliography style 'standard'...
Package biblatex Info: ... file 'standard.bbx' found.

(/usr/share/texmf-dist/tex/latex/biblatex/bbx/standard.bbx
File: standard.bbx 2024/03/21 v3.20 biblatex bibliography style (PK/MW)
\c@bbx:relatedcount=\count407
\c@bbx:relatedtotal=\count408
)))
Package biblatex Info: Trying to load citation style 'verbose'...
Package biblatex Info: ... file 'verbose.cbx' found.

(/usr/share/texmf-dist/tex/latex/biblatex/cbx/verbose.cbx
File: verbose.cbx 2024/03/21 v3.20 biblatex citation style (PK/MW)
Package biblatex Info: Redefining '\cite'.
Package biblatex Info: Redefining '\parencite'.
Package biblatex Info: Redefining '\footcite'.
Package biblatex Info: Redefining '\footcitetext'.
Package biblatex Info: Redefining '\smartcite'.
Package biblatex Info: Redefining '\textcite'.
Package biblatex Info: Redefining '\textcites'.
)
Package biblatex Info: Trying to load configuration file...
Package biblatex Info: ... file 'biblatex.cfg' found.

(/usr/share/texmf-dist/tex/latex/biblatex/biblatex.cfg
File: biblatex.cfg 
)
Package biblatex Info: LuaTeX detected.
(biblatex)             Assuming input encoding 'utf8'.
Package biblatex Info: Document encoding is UTF8 ....
Package biblatex Info: ... and expl3
(biblatex)             2025-01-18 L3 programming layer (loader) 
(biblatex)             is new enough (at least 2020/04/06),
(biblatex)             setting 'casechanger=expl3'.

(/usr/share/texmf-dist/tex/latex/biblatex/blx-case-expl3.sty
Package: blx-case-expl3 2024/03/21 v3.20 expl3 case changing code for biblatex
))
(/usr/share/texmf-dist/tex/latex/polyglossia/gloss-french.ldf
File: gloss-french.ldf polyglossia: module for French

Module polyglossia Warning: Language french not found in language.dat.lua on inp
ut line 17
Module polyglossia Warning: Language francais not found in language.dat.lua on i
nput line 17
Module polyglossia Warning: Language french not found in language.dat.lua on inp
ut line 17

Package polyglossia Warning: No hyphenation patterns were loaded for `french'
(polyglossia)                I will use \language=\l@nohyphenation instead.

\l@french = a dialect from \language\l@nohyphenation 
Lua-only attribute polyglossia_punct = 4
Inserting `polyglossia-punct.process' in `pre_shaping_filter'.)

Package polyglossia Info: Default language is french

 (/usr/share/texmf-dist/tex/latex/hyperref/hyperref.sty
Package: hyperref 2024-11-05 v7.01l Hypertext links for LaTeX

(/usr/share/texmf-dist/tex/generic/kvdefinekeys/kvdefinekeys.sty
Package: kvdefinekeys 2019-12-19 v1.6 Define keys (HO)
)
(/usr/share/texmf-dist/tex/generic/pdfescape/pdfescape.sty
Package: pdfescape 2019/12/09 v1.15 Implements pdfTeX's escape features (HO)
)
(/usr/share/texmf-dist/tex/latex/hycolor/hycolor.sty
Package: hycolor 2020-01-27 v1.10 Color options for hyperref/bookmark (HO)
)
(/usr/share/texmf-dist/tex/latex/hyperref/nameref.sty
Package: nameref 2023-11-26 v2.56 Cross-referencing by name of section

(/usr/share/texmf-dist/tex/latex/refcount/refcount.sty
Package: refcount 2019/12/15 v3.6 Data extraction from label references (HO)
)
(/usr/share/texmf-dist/tex/generic/gettitlestring/gettitlestring.sty
Package: gettitlestring 2019/12/15 v1.6 Cleanup title references (HO)
)
\c@section@level=\count409
)
(/usr/share/texmf-dist/tex/generic/stringenc/stringenc.sty
Package: stringenc 2019/11/29 v1.12 Convert strings between diff. encodings (HO
)
)
\@linkdim=\dimen144
\Hy@linkcounter=\count410
\Hy@pagecounter=\count411

(/usr/share/texmf-dist/tex/latex/hyperref/pd1enc.def
File: pd1enc.def 2024-11-05 v7.01l Hyperref: PDFDocEncoding definition (HO)
)
(/usr/share/texmf-dist/tex/generic/intcalc/intcalc.sty
Package: intcalc 2019/12/15 v1.3 Expandable calculations with integers (HO)
)
\Hy@SavedSpaceFactor=\count412

(/usr/share/texmf-dist/tex/latex/hyperref/puenc.def
File: puenc.def 2024-11-05 v7.01l Hyperref: PDF Unicode definition (HO)
)
Package hyperref Info: Hyper figures OFF on input line 4157.
Package hyperref Info: Link nesting OFF on input line 4162.
Package hyperref Info: Hyper index ON on input line 4165.
Package hyperref Info: Plain pages OFF on input line 4172.
Package hyperref Info: Backreferencing OFF on input line 4177.
Package hyperref Info: Implicit mode ON; LaTeX internals redefined.
Package hyperref Info: Bookmarks ON on input line 4424.
\c@Hy@tempcnt=\count413
LaTeX Info: Redefining \url on input line 4763.
\XeTeXLinkMargin=\dimen145

(/usr/share/texmf-dist/tex/generic/bitset/bitset.sty
Package: bitset 2019/12/09 v1.3 Handle bit-vector datatype (HO)

(/usr/share/texmf-dist/tex/generic/bigintcalc/bigintcalc.sty
Package: bigintcalc 2019/12/15 v1.5 Expandable calculations on big integers (HO
)
))
\Fld@menulength=\count414
\Field@Width=\dimen146
\Fld@charsize=\dimen147
Package hyperref Info: Hyper figures OFF on input line 6042.
Package hyperref Info: Link nesting OFF on input line 6047.
Package hyperref Info: Hyper index ON on input line 6050.
Package hyperref Info: backreferencing OFF on input line 6057.
Package hyperref Info: Link coloring OFF on input line 6062.
Package hyperref Info: Link coloring with OCG OFF on input line 6067.
Package hyperref Info: PDF/A mode OFF on input line 6072.

(/usr/share/texmf-dist/tex/latex/base/atbegshi-ltx.sty
Package: atbegshi-ltx 2021/01/10 v1.0c Emulation of the original atbegshi
package with kernel methods
)
\Hy@abspage=\count415
\c@Item=\count416
\c@Hfootnote=\count417
)
Package hyperref Info: Driver (autodetected): hluatex.

(/usr/share/texmf-dist/tex/latex/hyperref/hluatex.def
File: hluatex.def 2024-11-05 v7.01l Hyperref driver for luaTeX

(/usr/share/texmf-dist/tex/latex/base/atveryend-ltx.sty
Package: atveryend-ltx 2020/08/19 v1.0a Emulation of the original atveryend pac
kage
with kernel methods
)
\Fld@listcount=\count418
\c@bookmark@seq@number=\count419

(/usr/share/texmf-dist/tex/latex/rerunfilecheck/rerunfilecheck.sty
Package: rerunfilecheck 2022-07-10 v1.10 Rerun checks for auxiliary files (HO)

(/usr/share/texmf-dist/tex/generic/uniquecounter/uniquecounter.sty
Package: uniquecounter 2019/12/15 v1.4 Provide unlimited unique counter (HO)
)
Package uniquecounter Info: New unique counter `rerunfilecheck' on input line 2
85.
)
\Hy@SectionHShift=\skip73
)
(/usr/share/texmf-dist/tex/latex/graphics/graphicx.sty
Package: graphicx 2021/09/16 v1.2d Enhanced LaTeX Graphics (DPC,SPQR)

(/usr/share/texmf-dist/tex/latex/graphics/graphics.sty
Package: graphics 2024/08/06 v1.4g Standard LaTeX Graphics (DPC,SPQR)

(/usr/share/texmf-dist/tex/latex/graphics/trig.sty
Package: trig 2023/12/02 v1.11 sin cos tan (DPC)
)
(/usr/share/texmf-dist/tex/latex/graphics-cfg/graphics.cfg
File: graphics.cfg 2016/06/04 v1.11 sample graphics configuration
)
Package graphics Info: Driver file: luatex.def on input line 106.

(/usr/share/texmf-dist/tex/latex/graphics-def/luatex.def
File: luatex.def 2024/04/13 v1.2e Graphics/color driver for luatex
))
\Gin@req@height=\dimen148
\Gin@req@width=\dimen149
)
(/usr/share/texmf-dist/tex/latex/tools/verbatim.sty
Package: verbatim 2024-01-22 v1.5x LaTeX2e package for verbatim enhancements
\every@verbatim=\toks19
\verbatim@line=\toks20
\verbatim@in@stream=\read3
)
(/usr/share/texmf-dist/tex/latex/geometry/geometry.sty
Package: geometry 2020/01/02 v5.9 Page Geometry

(/usr/share/texmf-dist/tex/generic/iftex/ifvtex.sty
Package: ifvtex 2019/10/25 v1.7 ifvtex legacy package. Use iftex instead.
)
\Gm@cnth=\count420
\Gm@cntv=\count421
\c@Gm@tempcnt=\count422
\Gm@bindingoffset=\dimen150
\Gm@wd@mp=\dimen151
\Gm@odd@mp=\dimen152
\Gm@even@mp=\dimen153
\Gm@layoutwidth=\dimen154
\Gm@layoutheight=\dimen155
\Gm@layouthoffset=\dimen156
\Gm@layoutvoffset=\dimen157
\Gm@dimlist=\toks21


! Package keyval Error: Touter undefined.

See the keyval package documentation for explanation.
Type  H <return>  for immediate help.
 ...                                              
                                                  
l.1005 \ProcessOptionsKV[p]{Gm}
                               %
Try typing  <return>  to proceed.
If that doesn't work, type  X <return>  to quit.

) (/usr/share/texmf-dist/tex/latex/xcolor/xcolor.sty
Package: xcolor 2024/09/29 v3.02 LaTeX color extensions (UK)

(/usr/share/texmf-dist/tex/latex/graphics-cfg/color.cfg
File: color.cfg 2016/01/02 v1.6 sample color configuration
)
Package xcolor Info: Driver file: luatex.def on input line 274.

(/usr/share/texmf-dist/tex/latex/graphics/mathcolor.ltx)
Package xcolor Info: Model `cmy' substituted by `cmy0' on input line 1349.
Package xcolor Info: Model `hsb' substituted by `rgb' on input line 1353.
Package xcolor Info: Model `RGB' extended on input line 1365.
Package xcolor Info: Model `HTML' substituted by `rgb' on input line 1367.
Package xcolor Info: Model `Hsb' substituted by `hsb' on input line 1368.
Package xcolor Info: Model `tHsb' substituted by `hsb' on input line 1369.
Package xcolor Info: Model `HSB' substituted by `hsb' on input line 1370.
Package xcolor Info: Model `Gray' substituted by `gray' on input line 1371.
Package xcolor Info: Model `wave' substituted by `hsb' on input line 1372.
)
Package hyperref Info: Option `colorlinks' set `true' on input line 25.
\@quotelevel=\count423
\@quotereset=\count424

(./0.Mémoire_TNAH1.aux ("./1.0 Remerciement.aux") ("./1.1 Introduction V2.aux"
) ("./2.De l'individu à la communauté patrimoniale.aux")
("./3.ni dieu ni maître.aux") ("./4 Bibliotheca mundi, Hic sunt dracones.aux") ("./5. Conclusion.aux") (./archivographie.aux) (./bibliographie.aux)
(./Annexes.aux) (./annexes_ubuweb.aux))
\openout1 = 0.Mémoire_TNAH1.aux

LaTeX Font Info:    Checking defaults for OML/cmm/m/it on input line 31.
LaTeX Font Info:    ... okay on input line 31.
LaTeX Font Info:    Checking defaults for OMS/cmsy/m/n on input line 31.
LaTeX Font Info:    ... okay on input line 31.
LaTeX Font Info:    Checking defaults for OT1/cmr/m/n on input line 31.
LaTeX Font Info:    ... okay on input line 31.
LaTeX Font Info:    Checking defaults for T1/cmr/m/n on input line 31.
LaTeX Font Info:    ... okay on input line 31.
LaTeX Font Info:    Checking defaults for TS1/cmr/m/n on input line 31.
LaTeX Font Info:    ... okay on input line 31.
LaTeX Font Info:    Checking defaults for TU/lmr/m/n on input line 31.
LaTeX Font Info:    ... okay on input line 31.
LaTeX Font Info:    Checking defaults for OMX/cmex/m/n on input line 31.
LaTeX Font Info:    ... okay on input line 31.
LaTeX Font Info:    Checking defaults for U/cmr/m/n on input line 31.
LaTeX Font Info:    ... okay on input line 31.
LaTeX Font Info:    Checking defaults for PD1/pdf/m/n on input line 31.
LaTeX Font Info:    ... okay on input line 31.
LaTeX Font Info:    Checking defaults for PU/pdf/m/n on input line 31.
LaTeX Font Info:    ... okay on input line 31.

Package fontspec Info: 
(fontspec)             Adjusting the maths setup (use [no-math] to avoid
(fontspec)             this).

\symlegacymaths=\mathgroup4
LaTeX Font Info:    Overwriting symbol font `legacymaths' in version `bold'
(Font)                  OT1/cmr/m/n --> OT1/cmr/bx/n on input line 31.
LaTeX Font Info:    Redeclaring math accent \acute on input line 31.
LaTeX Font Info:    Redeclaring math accent \grave on input line 31.
LaTeX Font Info:    Redeclaring math accent \ddot on input line 31.
LaTeX Font Info:    Redeclaring math accent \tilde on input line 31.
LaTeX Font Info:    Redeclaring math accent \bar on input line 31.
LaTeX Font Info:    Redeclaring math accent \breve on input line 31.
LaTeX Font Info:    Redeclaring math accent \check on input line 31.
LaTeX Font Info:    Redeclaring math accent \hat on input line 31.
LaTeX Font Info:    Redeclaring math accent \dot on input line 31.
LaTeX Font Info:    Redeclaring math accent \mathring on input line 31.
LaTeX Font Info:    Redeclaring math symbol \colon on input line 31.
LaTeX Font Info:    Redeclaring math symbol \Gamma on input line 31.
LaTeX Font Info:    Redeclaring math symbol \Delta on input line 31.
LaTeX Font Info:    Redeclaring math symbol \Theta on input line 31.
LaTeX Font Info:    Redeclaring math symbol \Lambda on input line 31.
LaTeX Font Info:    Redeclaring math symbol \Xi on input line 31.
LaTeX Font Info:    Redeclaring math symbol \Pi on input line 31.
LaTeX Font Info:    Redeclaring math symbol \Sigma on input line 31.
LaTeX Font Info:    Redeclaring math symbol \Upsilon on input line 31.
LaTeX Font Info:    Redeclaring math symbol \Phi on input line 31.
LaTeX Font Info:    Redeclaring math symbol \Psi on input line 31.
LaTeX Font Info:    Redeclaring math symbol \Omega on input line 31.
LaTeX Font Info:    Redeclaring math symbol \mathdollar on input line 31.
LaTeX Font Info:    Redeclaring symbol font `operators' on input line 31.
LaTeX Font Info:    Encoding `OT1' has changed to `TU' for symbol font
(Font)              `operators' in the math version `normal' on input line 31.
LaTeX Font Info:    Overwriting symbol font `operators' in version `normal'
(Font)                  OT1/cmr/m/n --> TU/lmr/m/n on input line 31.
LaTeX Font Info:    Encoding `OT1' has changed to `TU' for symbol font
(Font)              `operators' in the math version `bold' on input line 31.
LaTeX Font Info:    Overwriting symbol font `operators' in version `bold'
(Font)                  OT1/cmr/bx/n --> TU/lmr/m/n on input line 31.
LaTeX Font Info:    Overwriting symbol font `operators' in version `normal'
(Font)                  TU/lmr/m/n --> TU/lmr/m/n on input line 31.
LaTeX Font Info:    Overwriting math alphabet `\mathit' in version `normal'
(Font)                  OT1/cmr/m/it --> TU/lmr/m/it on input line 31.
LaTeX Font Info:    Overwriting math alphabet `\mathbf' in version `normal'
(Font)                  OT1/cmr/bx/n --> TU/lmr/b/n on input line 31.
LaTeX Font Info:    Overwriting math alphabet `\mathsf' in version `normal'
(Font)                  OT1/cmss/m/n --> TU/lmss/m/n on input line 31.
LaTeX Font Info:    Overwriting math alphabet `\mathtt' in version `normal'
(Font)                  OT1/cmtt/m/n --> TU/lmtt/m/n on input line 31.
LaTeX Font Info:    Overwriting symbol font `operators' in version `bold'
(Font)                  TU/lmr/m/n --> TU/lmr/b/n on input line 31.
LaTeX Font Info:    Overwriting math alphabet `\mathit' in version `bold'
(Font)                  OT1/cmr/bx/it --> TU/lmr/b/it on input line 31.
LaTeX Font Info:    Overwriting math alphabet `\mathsf' in version `bold'
(Font)                  OT1/cmss/bx/n --> TU/lmss/b/n on input line 31.
LaTeX Font Info:    Overwriting math alphabet `\mathtt' in version `bold'
(Font)                  OT1/cmtt/m/n --> TU/lmtt/b/n on input line 31.
Package biblatex Info: Trying to load language 'french'...
Package biblatex Info: ... file 'french.lbx' found.

(/usr/share/texmf-dist/tex/latex/biblatex/lbx/french.lbx
File: french.lbx 2024/03/21 v3.20 biblatex localization (PK/MW)
)
Package biblatex Info: LuaTeX detected.
(biblatex)             Assuming input encoding 'utf8'.
Package biblatex Info: Automatic encoding selection.
(biblatex)             Assuming data encoding 'utf8'.

\openout3 = 0.Mémoire_TNAH1.bcf
Package biblatex Info: Trying to load bibliographic data...
Package biblatex Info: ... file '0.Mémoire_TNAH1.bbl' not found.

No file 0.Mémoire_TNAH1.bbl.
Package biblatex Info: Reference section=0 on input line 31.
Package biblatex Info: Reference segment=0 on input line 31.
Package hyperref Info: Link coloring ON on input line 31.
(./0.Mémoire_TNAH1.out) (./0.Mémoire_TNAH1.out)
\@outlinefile=\write4

\openout4 = 0.Mémoire_TNAH1.out

(/usr/share/texmf-dist/tex/context/base/mkii/supp-pdf.mkii
[Loading MPS to PDF converter (version 2006.09.02).]
\scratchcounter=\count425
\scratchdimen=\dimen158
\scratchbox=\box53
\nofMPsegments=\count426
\nofMParguments=\count427
\everyMPshowfont=\toks22
\MPscratchCnt=\count428
\MPscratchDim=\dimen159
\MPnumerator=\count429
\makeMPintoPDFobject=\count430
\everyMPtoPDFconversion=\toks23
) (/usr/share/texmf-dist/tex/latex/epstopdf-pkg/epstopdf-base.sty
Package: epstopdf-base 2020-01-24 v2.11 Base part for package epstopdf
Package epstopdf-base Info: Redefining graphics rule for `.eps' on input line 4
85.

(/usr/share/texmf-dist/tex/latex/latexconfig/epstopdf-sys.cfg
File: epstopdf-sys.cfg 2010/07/13 v1.3 Configuration of (r)epstopdf for TeX Liv
e
))
*geometry* driver: auto-detecting
*geometry* detected driver: luatex
*geometry* verbose mode - [ preamble ] result:
* driver: luatex
* paper: a4paper
* layout: <same size as paper>
* layoutoffset:(h,v)=(0.0pt,0.0pt)
* modes: 
* h-part:(L,W,R)=(85.35826pt, 422.52252pt, 89.62709pt)
* v-part:(T,H,B)=(85.35826pt, 674.33032pt, 85.35826pt)
* \paperwidth=597.50787pt
* \paperheight=845.04684pt
* \textwidth=422.52252pt
* \textheight=674.33032pt
* \oddsidemargin=13.08827pt
* \evensidemargin=13.08827pt
* \topmargin=-23.91173pt
* \headheight=12.0pt
* \headsep=25.0pt
* \topskip=10.0pt
* \footskip=30.0pt
* \marginparwidth=65.0pt
* \marginparsep=11.0pt
* \columnsep=10.0pt
* \skip\footins=9.0pt plus 4.0pt minus 2.0pt
* \hoffset=0.0pt
* \voffset=0.0pt
* \mag=1000
* \@twocolumnfalse
* \@twosidefalse
* \@mparswitchfalse
* \@reversemarginfalse
* (1in=72.27pt=25.4mm, 1cm=28.453pt)

LaTeX Font Info:    External font `cmex10' loaded for size
(Font)              <12> on input line 34.
LaTeX Font Info:    External font `cmex10' loaded for size
(Font)              <8> on input line 34.
LaTeX Font Info:    External font `cmex10' loaded for size
(Font)              <6> on input line 34.


[1

{/var/lib/texmf/fonts/map/pdftex/updmap/pdftex.map}]
\openout2 = 1.0 Remerciement.aux
 ("./1.0 Remerciement.tex"
Underfull \hbox (badness 10000) in paragraph at lines 4--5

 []


Underfull \hbox (badness 10000) in paragraph at lines 6--7

 []


Underfull \hbox (badness 10000) in paragraph at lines 8--9

 []

)


warning  (pdf backend): ignoring duplicate destination with the name 'page.1'
[1


] (./0.Mémoire_TNAH1.toc
LaTeX Font Info:    External font `cmex10' loaded for size
(Font)              <7> on input line 3.
LaTeX Font Info:    External font `cmex10' loaded for size
(Font)              <5> on input line 3.
)
\tf@toc=\write5

\openout5 = 0.Mémoire_TNAH1.toc


[2



]
\openout2 = 1.1 Introduction V2.aux
 ("./1.1 Introduction V2.tex"
Chapitre 1.

LaTeX Warning: Citation 'national_research_council_us_digital_2010' on page 3 u
ndefined on input line 15.


Overfull \hbox (15.85747pt too wide) in paragraph at lines 17--18
[]\TU/lmr/m/n/10 La nouvelle facilité de copie et d’échange de l’informati
on grâce à la généralisation de l’informatique
 []


LaTeX Warning: Citation 'bermes_lecran_2024' on page 3 undefined on input line 
19.



[3


]
Underfull \hbox (badness 10000) in paragraph at lines 25--26

 []


Underfull \hbox (badness 10000) in paragraph at lines 29--30

 []



[4]

LaTeX Warning: Citation 'fabre_emotions_2013' on page 5 undefined on input line
 39.


Overfull \hbox (8.58745pt too wide) in paragraph at lines 39--40
\TU/lmr/m/n/10 d’aider les acteurs institutionnels ou entrepreneuriaux (une re
stauration d’un bâtiment par exemple),
 []


LaTeX Warning: Citation 'galluzzo_longevite_2021' on page 5 undefined on input 
line 45.


LaTeX Warning: Citation 'taylor_save_nodate' on page 5 undefined on input line 
47.


LaTeX Warning: Citation 'de_kosnik_rogue_2016' on page 5 undefined on input lin
e 47.



[5]
Overfull \hbox (0.15747pt too wide) in paragraph at lines 49--50
[]\TU/lmr/m/n/10 L’un des paramètres ayant le plus d’influence sur l’orga
nisation des communautés patrimoniales
 []


Overfull \hbox (2.5975pt too wide) in paragraph at lines 61--62
[]| \TU/lmr/m/n/10 Discord est un système de messagerie communautaire où nous avons suivi la communaut
é
 []


Overfull \hbox (8.53748pt too wide) in paragraph at lines 70--71
\TU/lmr/m/n/10 dématérialisé, ou r/Piracy qui sert de point de ralliement pou
r toutes les discussions concernant
 []



[6]
Underfull \hbox (badness 10000) in paragraph at lines 76--77

 []


Underfull \hbox (badness 2401) in paragraph at lines 84--84
[]\TU/lmr/m/n/10 Étudiant en
 []


Underfull \hbox (badness 10000) in paragraph at lines 84--84
[]\TU/lmr/m/n/10 Torrenting,
 []


Overfull \hbox (11.43451pt too wide) in paragraph at lines 84--84
\TU/lmr/m/n/10 Téléchargement| 
 []


Underfull \hbox (badness 7558) in paragraph at lines 84--85
[]\TU/lmr/m/n/10 Diplôme en
 []


Underfull \hbox (badness 10000) in paragraph at lines 86--86
[]\TU/lmr/m/n/10 Ingénieur
 []


Overfull \hbox (0.63449pt too wide) in paragraph at lines 86--86
\TU/lmr/m/n/10 informaticien| 
 []


Underfull \hbox (badness 10000) in paragraph at lines 86--86
[]\TU/lmr/m/n/10 Torrenting,
 []


Underfull \hbox (badness 7558) in paragraph at lines 86--87
[]\TU/lmr/m/n/10 Diplôme en
 []


Underfull \hbox (badness 2401) in paragraph at lines 88--88
[]\TU/lmr/m/n/10 Étudiant en
 []


Overfull \hbox (14.21451pt too wide) in paragraph at lines 88--88
[]\TU/lmr/m/n/10 Téléchargement,
 []


Underfull \hbox (badness 10000) in paragraph at lines 88--88
\TU/lmr/m/n/10 forums,
 []


Underfull \hbox (badness 7558) in paragraph at lines 88--89
[]\TU/lmr/m/n/10 Diplôme en
 []


Overfull \hbox (9.4845pt too wide) in paragraph at lines 88--89
\TU/lmr/m/n/10 communication
 []


Underfull \hbox (badness 10000) in paragraph at lines 88--89
\TU/lmr/m/n/10 et en
 []


Underfull \hbox (badness 2401) in paragraph at lines 90--90
[]\TU/lmr/m/n/10 Étudiant en
 []


Overfull \hbox (9.4845pt too wide) in paragraph at lines 90--90
\TU/lmr/m/n/10 communication| 
 []


Overfull \hbox (14.21451pt too wide) in paragraph at lines 90--90
[]\TU/lmr/m/n/10 Téléchargement,
 []


Underfull \hbox (badness 7558) in paragraph at lines 90--91
[]\TU/lmr/m/n/10 Diplôme en
 []


Underfull \hbox (badness 10000) in paragraph at lines 90--91
\TU/lmr/m/n/10 histoire et
 []


Overfull \hbox (9.4845pt too wide) in paragraph at lines 90--91
\TU/lmr/m/n/10 communication| 
 []


Overfull \hbox (9.4845pt too wide) in paragraph at lines 92--92
\TU/lmr/m/n/10 communication| 
 []


Overfull \hbox (14.21451pt too wide) in paragraph at lines 92--92
[]\TU/lmr/m/n/10 Téléchargement,
 []


Underfull \hbox (badness 10000) in paragraph at lines 92--93
[]\TU/lmr/m/n/10 licence
 []


Underfull \hbox (badness 10000) in paragraph at lines 92--93
\TU/lmr/m/n/10 langue et
 []


Underfull \hbox (badness 10000) in paragraph at lines 92--93
\TU/lmr/m/n/10 édition,
 []


Underfull \hbox (badness 10000) in paragraph at lines 92--93
\TU/lmr/m/n/10 master de
 []


Overfull \hbox (9.4845pt too wide) in paragraph at lines 92--93
\TU/lmr/m/n/10 communication| 
 []


Underfull \hbox (badness 10000) in paragraph at lines 78--95

 []


Overfull \hbox (2.80751pt too wide) in paragraph at lines 96--98
[]\TU/lmr/m/n/10 Nous avons tenté de représenter équitablement les genres, ma
is un temps de recherche insuffisant
 []



[7]
Overfull \hbox (5.9475pt too wide) in paragraph at lines 105--106
\TU/lmr/m/n/10 communautés patrimoniales pirates. Nous essaierons de comprendre
 et de cartographier les émotions
 []


Underfull \hbox (badness 10000) in paragraph at lines 105--106

 []


Overfull \hbox (11.50748pt too wide) in paragraph at lines 109--110
\TU/lmr/m/n/10 l’apprentissage social qui les sépare des communautés patrimo
niales pirates. Ensuite, nous aborderons
 []

)

[8]
\openout2 = 2.De l'individu à la communauté patrimoniale.aux
 ("./2.De l'individu à la communauté patrimoniale.tex"
Chapitre 2.

Underfull \hbox (badness 10000) in paragraph at lines 4--5

 []


LaTeX Warning: Citation 'de_kosnik_rogue_2016' on page 9 undefined on input lin
e 17.



[9




]
Overfull \hbox (7.1875pt too wide) in paragraph at lines 25--26
\TU/lmr/m/n/10 premier pc). Cette découverte passe par un rapport entre adolesc
ents qui ont les mêmes équipements,
 []


Overfull \hbox (6.92749pt too wide) in paragraph at lines 29--30
[]\TU/lmr/m/n/10 La voie majoritaire de découverte du piratage se passe dans le
 cadre amical durant l’enseignement
 []


Overfull \hbox (5.36748pt too wide) in paragraph at lines 29--30
\TU/lmr/m/n/10 secondaire. En discutant avec ses ami.es de contenus culturels, 
principalement de musique, l’individu
 []


Underfull \hbox (badness 10000) in paragraph at lines 42--43

 []



[10]

[11]
Underfull \hbox (badness 10000) in paragraph at lines 71--72

 []


Underfull \hbox (badness 10000) in paragraph at lines 76--77

 []


Underfull \hbox (badness 10000) in paragraph at lines 82--83

 []


Overfull \hbox (7.56435pt too wide) in paragraph at lines 84--85
[]\TU/lmr/m/n/10 Patrice Flichy, \TU/lmr/m/it/10 Le sacre de l’amateur, sociol
ogie des passions ordinaires à l’air numérique\TU/lmr/m/n/10 ,
 []



[12]
Overfull \hbox (6.01749pt too wide) in paragraph at lines 91--92
\TU/lmr/m/n/10 représentant principal est Netflix. La praticité et le coût tr
ès faible ont permis à certaines entreprises,
 []


Underfull \hbox (badness 10000) in paragraph at lines 103--104

 []



[13]

[14]
Overfull \hbox (8.28749pt too wide) in paragraph at lines 121--122
[]\TU/lmr/m/n/10 Si le piratage académique accompagne le passage au monde adult
e et professionnel, il accompagne
 []


Overfull \hbox (7.24551pt too wide) in paragraph at lines 134--134
[][]\TU/lmr/bx/n/12 De pirates à corsaires : Quand le piratage s’invite dans le vie de l
’entreprise 
 []



[15]

[16])

[17]
\openout2 = 3.ni dieu ni maître.aux
 ("./3.ni dieu ni maître.tex"
Chapitre 3.

Underfull \hbox (badness 10000) in paragraph at lines 4--5

 []


LaTeX Warning: Citation 'fabre_emotions_2013' on page 18 undefined on input lin
e 10.


LaTeX Warning: Citation 'bermes_lecran_2024' on page 18 undefined on input line
 10.


Overfull \hbox (3.60747pt too wide) in paragraph at lines 10--11
[]\TU/lmr/m/n/10 Dans ce deuxième chapitre, nous étudierons la perception du 
monde des individus qui composent
 []


Overfull \hbox (1.32748pt too wide) in paragraph at lines 10--11
\TU/lmr/m/n/10 les communautés patrimoniales pirates. Nous nous intéresserons d
’abord aux sentiments de sédition
 []


Overfull \hbox (4.20757pt too wide) in paragraph at lines 14--15
\TU/lmr/m/n/10 Surnommé \TU/lmr/m/it/10 Le cœur de l’Internet\TU/lmr/m/n/10
 , ce site d’agrégation de forums permet de trouver des communautés
 []



[18




]
Overfull \hbox (0.24251pt too wide) in paragraph at lines 38--39
\TU/lmr/m/n/10 elles sont illégales et donc se cachent» , il est intéressant d
’essayer de comprendre le fonctionnement
 []



[19]
Overfull \hbox (2.71748pt too wide) in paragraph at lines 54--55
[]\TU/lmr/m/n/10 L’organisation et le mode de fonctionnement des bibliothèque
s mis en ligne par les communautés
 []



[20]
Overfull \hbox (6.77745pt too wide) in paragraph at lines 95--96
[]\TU/lmr/m/n/10 Anonymous n°210962625, «My country has a Kino embargo» , sur
 4chan, le 28/05/2025,
 []



[21]
Underfull \hbox (badness 10000) in paragraph at lines 120--121

 []


Underfull \hbox (badness 10000) in paragraph at lines 124--125

 []


Underfull \hbox (badness 10000) in paragraph at lines 130--131

 []



[22])

[23]
\openout2 = 4 Bibliotheca mundi, Hic sunt dracones.aux
 ("./4 Bibliotheca mundi, Hic sunt dracones.tex"
Chapitre 4.


[24




]

[25]
Overfull \hbox (4.09752pt too wide) in paragraph at lines 40--41
\TU/lmr/m/n/10 de systèmes électroniques pour la réparation d’objets, à la
 mouvance du \TU/lmr/m/it/10 bio-hacking \TU/lmr/m/n/10 et de l’Anarcho-
 []


Overfull \hbox (39.75746pt too wide) in paragraph at lines 40--41
\TU/lmr/m/n/10 transhumanisme transgenre refusant d’être dépendant.es de l
’ordre médical et de l’industrie pharmaceutique
 []



[26]
Overfull \hbox (0.87761pt too wide) in paragraph at lines 58--59
[]\TU/lmr/m/it/10 La biblio de Tetel \TU/lmr/m/n/10 et \TU/lmr/m/it/10 Le monde de Tetel\TU/lmr/m/n/10 , deux blogs li
és et créés par l’utilisateur Kurisu/Tetelle
 []


Overfull \hbox (9.12755pt too wide) in paragraph at lines 62--63
[]\TU/lmr/m/n/10 Nous pouvons également trouver quelques initiatives solitaires
 comme le blog \TU/lmr/m/it/10 Anti-téléchargement
 []


Underfull \hbox (badness 10000) in paragraph at lines 62--63

 []


Underfull \hbox (badness 10000) in paragraph at lines 64--65

 []


Overfull \hbox (4.22748pt too wide) in paragraph at lines 76--77
[]\TU/lmr/m/n/10 Cependant, r/DataHoarder n’est pas dédié au stockage de don
nées dans un but précis, seulement
 []


Overfull \hbox (13.55048pt too wide) in paragraph at lines 76--77
\TU/lmr/m/n/10 les fichiers vidéo de plusieurs sites de pornographie en direct [][][][][] (Chaturbate, MyFreeCams, Streamate).
 []



[27]
Overfull \hbox (9.56355pt too wide) in paragraph at lines 78--78
[]\TU/lmr/bx/n/14.4 La carte et le coffre au trésor : les dépôts communautair
es
 []



[28]

[29]
Underfull \hbox (badness 10000) in paragraph at lines 111--112

 []



[30]
Overfull \hbox (26.84749pt too wide) in paragraph at lines 119--120
\TU/lmr/m/n/10 Le cœur de ce discours est en grande majorité alimenté par la culture du libre et ses th
éoriciens/ingénieurs
 []


Overfull \hbox (29.55746pt too wide) in paragraph at lines 119--120
\TU/lmr/m/n/10 personnelles sensibles, ou en entrant dans une forme de «complot
isme archivistique» . Le fonctionnement,
 []

)

[31]
\openout2 = 5. Conclusion.aux
 ("./5. Conclusion.tex"
Chapitre 5.

Overfull \hbox (19.42767pt too wide) in paragraph at lines 4--5
\TU/lmr/m/it/10 contributions, les êtres humains construisent progressivement 
des systèmes de connaissances
 []


Overfull \hbox (3.30444pt too wide) in paragraph at lines 4--5
\TU/lmr/m/it/10 et de croyances; ils élaborent des techniques reconnues et des styles 
élaborés de sensibilité
 []


Overfull \hbox (2.18748pt too wide) in paragraph at lines 12--13
[]\TU/lmr/m/n/10 Dans notre introduction, nous avons défini le sujet de notre 
étude comme étant les communautés
 []


Overfull \hbox (1.03746pt too wide) in paragraph at lines 12--13
\TU/lmr/m/n/10 patrimoniales pirates : une organisation sociale existant par et pour une relation avec du patrimoine
 []


Overfull \hbox (18.05745pt too wide) in paragraph at lines 14--15
\TU/lmr/m/n/10 patrimoniales pirates, du dépôt personnel aux bibliothèques d
’Alexandrie clandestines contemporaines. 
 []


Underfull \hbox (badness 10000) in paragraph at lines 14--15

 []


Underfull \hbox (badness 10000) in paragraph at lines 16--17

 []



[32




]
Underfull \hbox (badness 10000) in paragraph at lines 18--19

 []

)

[33]
\openout2 = archivographie.aux
 (./archivographie.tex
Chapitre 6.

Overfull \hbox (110.62749pt too wide) in paragraph at lines 5--6
[]\TU/lmr/m/n/10 Blog de Anti-telechargement, [][]https ://web.archive.org/web/2
0130517194237/http ://anti-telechargement.skyrock.com/[][],
 []


Underfull \hbox (badness 10000) in paragraph at lines 5--6

 []


Overfull \hbox (118.84247pt too wide) in paragraph at lines 7--8
[]\TU/lmr/m/n/10 Blog de Contre-piratages - Savoir Dire Non Aux Piratages!, [][
]https ://web.archive.org/web/20100428081928/http ://contre-
 []


Underfull \hbox (badness 10000) in paragraph at lines 7--8

 []


Underfull \hbox (badness 10000) in paragraph at lines 9--10

 []


Overfull \hbox (104.65749pt too wide) in paragraph at lines 11--12
[]\TU/lmr/m/n/10 Blog de la-biblio-de-tetel - Entrez dans le monde de Tetel :3, [][]https ://web.archive.org/web/20221202160656/https ://la-
 []


Underfull \hbox (badness 10000) in paragraph at lines 11--12

 []


Overfull \hbox (100.1875pt too wide) in paragraph at lines 13--14
[]\TU/lmr/m/n/10 Blog de mangas-a-telecharger - mangas-a-telecharger, [][]https ://web.archive.org/web/20130516071755/http ://mangas-
 []


Underfull \hbox (badness 10000) in paragraph at lines 13--14

 []


Overfull \hbox (74.68639pt too wide) in paragraph at lines 15--16
[]\TU/lmr/m/n/10 Blog de Oo-Folie-des-Mangas-oO - Blog de Ecila-san, [][]https 
://web.archive.org/web/20110724003203/http ://oo-
 []


Underfull \hbox (badness 10000) in paragraph at lines 15--16

 []


Overfull \hbox (20.6375pt too wide) in paragraph at lines 17--18
[]\TU/lmr/m/n/10 Blog de telechargement09 - telechargement de music gratuit.syst
em of a down.rammstein.Disturbed,
 []


Underfull \hbox (badness 10000) in paragraph at lines 17--18

 []


Overfull \hbox (148.69748pt too wide) in paragraph at lines 19--20
[]\TU/lmr/m/n/10 Blog de telechargerfilm - Film streaming vf, [][]https ://web.a
rchive.org/web/20180718101438/http ://telechargerfilm.skyrock.com/[][],
 []


Underfull \hbox (badness 10000) in paragraph at lines 19--20

 []


Overfull \hbox (161.60748pt too wide) in paragraph at lines 21--22
\TU/lmr/m/n/10 Telecharger gratuitement les logiciels..., [][]https ://web.archi
ve.org/web/20181130030014/https ://telechargergratuitement.skyrock.com/[][],
 []


Underfull \hbox (badness 10000) in paragraph at lines 21--22

 []


Overfull \hbox (285.1375pt too wide) in paragraph at lines 23--24
[]\TU/lmr/m/n/10 Blog de telechargementgratos - Musiques à télécharger gratui
tement, [][]https ://web.archive.org/web/20130902023647/http ://telechargementgr
atos.skyrock.com/[][],
 []


Underfull \hbox (badness 10000) in paragraph at lines 23--24

 []


Overfull \hbox (42.09749pt too wide) in paragraph at lines 25--26
[]\TU/lmr/m/n/10 Blog de le-monde-de-tetel - Bordel ambulant, [][]https ://web.a
rchive.org/web/20230711062347/https ://le-
 []


Underfull \hbox (badness 10000) in paragraph at lines 25--26

 []


Overfull \hbox (191.89748pt too wide) in paragraph at lines 27--28
[]\TU/lmr/m/n/10 Blog de x-Yume-No-Manga-x - x-Yume-No-Manga-x Ou Le Paradis de L
’Otaku’, [][]https ://web.archive.org/web/20230812201236/https ://x-
 []


Underfull \hbox (badness 10000) in paragraph at lines 27--28

 []


Overfull \hbox (395.68744pt too wide) in paragraph at lines 33--34
[]\TU/lmr/m/n/10 u/ALIIERTx, «By now it should be more moral to just pirate it
» , 2024-06-10, [][]www.reddit.com/r/Piracy/comments/1dceyaz/by_now_it_should_b
e_more_moral_to_just_pirate_it/[][]. 
 []


Underfull \hbox (badness 10000) in paragraph at lines 33--34

 []



[34




]
Overfull \hbox (113.28746pt too wide) in paragraph at lines 35--36
\TU/lmr/m/n/10 20, [][]https ://www.reddit.com/r/Piracy/comments/1avd288/when_di
d_you_first_become_a_pirate_and_what_was_it/[][]. 
 []


Underfull \hbox (badness 10000) in paragraph at lines 35--36

 []


Overfull \hbox (36.14746pt too wide) in paragraph at lines 39--40
\TU/lmr/m/n/10 21, [][]www.reddit.com/r/DataHoarder/comments/66r52q/court_rules_
fan_subtitles_now_illegal_piracy/[][] 
 []


Overfull \hbox (333.90741pt too wide) in paragraph at lines 41--42
[]\TU/lmr/m/n/10 u/Nath2125, «Getting into archiving and data hoarding» , 2021
-08-22, [][]www.reddit.com/r/DataHoarder/comments/p9a30g/getting_into_archiving_
and_data_hoarding/[][] 
 []


Underfull \hbox (badness 10000) in paragraph at lines 41--42

 []


Overfull \hbox (192.96744pt too wide) in paragraph at lines 43--44
[]\TU/lmr/m/n/10 u/Lee__Jieun, «Hoarding =/= Preservation» , 2022-10-11, [][]
www.reddit.com/r/DataHoarder/comments/y1heob/hoarding_preservation/[][]. 
 []


Underfull \hbox (badness 10000) in paragraph at lines 43--44

 []


Overfull \hbox (278.85745pt too wide) in paragraph at lines 45--46
[]\TU/lmr/m/n/10 u/pilimi_anna, «How to become a pirate archivist» , 2022-10-1
7, [][]www.reddit.com/r/DataHoarder/comments/y6pq40/how_to_become_a_pirate_archi
vist/[][]. 
 []


Underfull \hbox (badness 10000) in paragraph at lines 45--46

 []


Overfull \hbox (319.79745pt too wide) in paragraph at lines 47--48
[]\TU/lmr/m/n/10 u/Titan_91, «I’m Archiving Bill Nye the Science Guy» , 2025
-02-20, [][]www.reddit.com/r/DataHoarder/comments/1iubwd4/im_archiving_bill_nye_
the_science_guy/[][]. 
 []


Underfull \hbox (badness 10000) in paragraph at lines 47--48

 []


Overfull \hbox (226.54745pt too wide) in paragraph at lines 49--50
[]\TU/lmr/m/n/10 u/Invisibleflash, «It takes $$ to be an archivist» , 2021-06-
29, [][]www.reddit.com/r/DataHoarder/comments/oa8ir6/it_takes_to_be_an_archivist
/[][]. 
 []


Underfull \hbox (badness 10000) in paragraph at lines 49--50

 []


Overfull \hbox (420.44635pt too wide) in paragraph at lines 51--52
[]\TU/lmr/m/n/10 u/Mbox97, «Manga Rock has officially shut down, I have an arch
ive.» , 2020-01-04, [][]www.reddit.com/r/DataHoarder/comments/ek22j4/manga_rock
_has_officially_shut_down_i_have_an/[][]. 
 []


Underfull \hbox (badness 10000) in paragraph at lines 51--52

 []


Overfull \hbox (194.73245pt too wide) in paragraph at lines 53--54
\TU/lmr/m/n/10 works before they’re gone» , 2024-09-13, [][]www.reddit.com/r/
DataHoarder/comments/1fg5yzy/nhentai_archivist_a_nhentainet_downloader/[][]. 
 []


Underfull \hbox (badness 10000) in paragraph at lines 53--54

 []


Overfull \hbox (79.17746pt too wide) in paragraph at lines 55--56
\TU/lmr/m/n/10 2017-05-21, [][]www.reddit.com/r/DataHoarder/comments/6cdsul/our_
role_in_the_preservation_of_the_cultural/[][]. 
 []


Underfull \hbox (badness 10000) in paragraph at lines 55--56

 []


Overfull \hbox (151.71246pt too wide) in paragraph at lines 57--58
\TU/lmr/m/n/10 collections.» , 2023-11-19, [][]www.reddit.com/r/DataHoarder/com
ments/17yylgg/psa_life_is_short_dont_spend_too_much_time/[][]. 
 []


Underfull \hbox (badness 10000) in paragraph at lines 57--58

 []


Overfull \hbox (205.49745pt too wide) in paragraph at lines 59--60
[]\TU/lmr/m/n/10 u/KyletheAngryAncap, «So much will be lost.» , 2024-11-01, [
][]www.reddit.com/r/DataHoarder/comments/1ghbc9g/so_much_will_be_lost/[][]. 
 []


Underfull \hbox (badness 10000) in paragraph at lines 59--60

 []


Overfull \hbox (162.62747pt too wide) in paragraph at lines 61--62
[]\TU/lmr/m/n/10 u/deleted, «The Archivist’s Dilemma» , 2019-08-04, [][]www.
reddit.com/r/DataHoarder/comments/clz18v/the_archivists_dilemma/[][]. 
 []


Underfull \hbox (badness 10000) in paragraph at lines 61--62

 []


Overfull \hbox (105.04747pt too wide) in paragraph at lines 63--64
\TU/lmr/m/n/10 2024-01-22, [][]www.reddit.com/r/DataHoarder/comments/19cx718/the
_decline_of_tech_literacy_having_an_influence/[][]. 
 []


Underfull \hbox (badness 10000) in paragraph at lines 63--64

 []


Overfull \hbox (284.36246pt too wide) in paragraph at lines 65--66
\TU/lmr/m/n/10 [Chaturbate, MyFreeCams, Streamate]» , 2017-04-13, [][]www.reddi
t.com/r/DataHoarder/comments/6583s2/the_petabyte_porn_problem_public_webcam_soci
al/[][] 
 []


Overfull \hbox (71.57744pt too wide) in paragraph at lines 67--68
\TU/lmr/m/n/10 01, [][]www.reddit.com/r/DataHoarder/comments/8gcji4/the_philosop
hy_behind_data_hoarding_and_amateur/[][]. 
 []


Underfull \hbox (badness 10000) in paragraph at lines 67--68

 []


Overfull \hbox (250.52747pt too wide) in paragraph at lines 69--70
\TU/lmr/m/n/10 today, with only more to come!» , 2019-11-24, [][]www.reddit.com
/r/DataHoarder/comments/e0sb8b/theeyeeu_we_now_host_the_largest_open_repo_of/[]
[]. 
 []


Underfull \hbox (badness 10000) in paragraph at lines 69--70

 []


Overfull \hbox (437.72244pt too wide) in paragraph at lines 71--72
[]\TU/lmr/m/n/10 u/Jakob4800, «where is the line between data archival and pira
cy?» , 2022-09-21, [][]www.reddit.com/r/DataHoarder/comments/xjs9hm/where_is_th
e_line_between_data_archival_and_piracy/[][]. 
 []


Underfull \hbox (badness 10000) in paragraph at lines 71--72

 []


Overfull \hbox (452.02742pt too wide) in paragraph at lines 73--74
[]\TU/lmr/m/n/10 u/-Archivist, «Z-Library isn’t really gone, but that maybe 
up to you.» , 2022-11-05, [][]www.reddit.com/r/DataHoarder/comments/ymiwzs/zlib
rary_isnt_really_gone_but_that_maybe_up_to_you/[][]. 
 []


Underfull \hbox (badness 10000) in paragraph at lines 73--74

 []


Overfull \hbox (139.18744pt too wide) in paragraph at lines 77--78
\TU/lmr/m/n/10 piratés, apprenez à les reconnaître pour mieux les éviter!!
» , 2025-01-26. [][]https ://bsky.app/profile/fuyucchi.fr/post/3lgo4xeycgc2c[]
[]. 
 []


Underfull \hbox (badness 10000) in paragraph at lines 77--78

 []



[35]
Overfull \hbox (170.28246pt too wide) in paragraph at lines 79--80
[]\TU/lmr/m/n/10 @desert__varnish, «They’re both on my website now!!» , 2025
-02-02, [][]https ://x.com/deser__varnish/status/1885833785721197009[][]/ 
 []


Underfull \hbox (badness 10000) in paragraph at lines 79--80

 []


Overfull \hbox (71.13747pt too wide) in paragraph at lines 81--82
\TU/lmr/m/n/10 time capsule on my computer forever?» , 2025-03-04, [][]https :/
/x.com/imitationlearn/status/1896887329182367937[][]. 
 []


Underfull \hbox (badness 10000) in paragraph at lines 81--82

 []


Overfull \hbox (130.19743pt too wide) in paragraph at lines 83--84
[]\TU/lmr/m/n/10 @lunani2ta, «new archivist starter pack just dropped» , 2025-
03-04, [][]https ://x.com/lunani2ta/status/1885183897480118655[][]. 
 []


Underfull \hbox (badness 10000) in paragraph at lines 83--84

 []


Overfull \hbox (114.55745pt too wide) in paragraph at lines 85--86
[]\TU/lmr/m/n/10 @mattsutaaki, «finally added a bio on soulseek» , 2025-02-13,
 [][]https ://x.com/mattsutaaki/status/1890125617724785057[][]. 
 []


Underfull \hbox (badness 10000) in paragraph at lines 85--86

 []


Underfull \hbox (badness 10000) in paragraph at lines 87--88

 []


Underfull \hbox (badness 10000) in paragraph at lines 91--92

 []


Underfull \hbox (badness 10000) in paragraph at lines 95--96

 []


Underfull \hbox (badness 10000) in paragraph at lines 97--98

 []


Overfull \hbox (2.36745pt too wide) in paragraph at lines 99--100
[]\TU/lmr/m/n/10 Andrew Webster, «An unprecedented Nntendo leak turns into a mo
ral dilemma for archivists» ,
 []


Underfull \hbox (badness 10000) in paragraph at lines 99--100

 []

)

[36]
\openout2 = bibliographie.aux
 (./bibliographie.tex
Chapitre 7.

Underfull \hbox (badness 10000) in paragraph at lines 6--7

 []


Underfull \hbox (badness 10000) in paragraph at lines 8--9

 []


Underfull \hbox (badness 10000) in paragraph at lines 10--11

 []


Underfull \hbox (badness 10000) in paragraph at lines 12--13

 []


Underfull \hbox (badness 10000) in paragraph at lines 17--18

 []


Underfull \hbox (badness 10000) in paragraph at lines 21--22

 []


Underfull \hbox (badness 10000) in paragraph at lines 27--28

 []


Overfull \hbox (11.16743pt too wide) in paragraph at lines 29--30
[]\TU/lmr/m/n/10 Paul Eve Martin, «Warez, The Infrastructure and Aesthetics of Piracy
» , éditions punctumbooks,
 []


Underfull \hbox (badness 10000) in paragraph at lines 29--30

 []


Overfull \hbox (4.75294pt too wide) in paragraph at lines 31--32
[]\TU/lmr/m/n/10 Scorpecci Danny et Stryszowski Piotr , «Piracy of Digital Cont
ent» , éditions \TU/lmr/m/it/10 OECD Publishing\TU/lmr/m/n/10 ,
 []



[37




]
Underfull \hbox (badness 10000) in paragraph at lines 35--36

 []


Underfull \hbox (badness 10000) in paragraph at lines 37--38

 []


Underfull \hbox (badness 10000) in paragraph at lines 39--40

 []


Underfull \hbox (badness 10000) in paragraph at lines 41--42

 []


Underfull \hbox (badness 10000) in paragraph at lines 43--44

 []


Overfull \hbox (4.17743pt too wide) in paragraph at lines 49--50
[]\TU/lmr/m/n/10 Todd Darren, «Pirate nation : how digital piracy is transformi
ng business, society and culture» ,
 []


Underfull \hbox (badness 10000) in paragraph at lines 59--60

 []


Underfull \hbox (badness 10000) in paragraph at lines 61--62

 []


Underfull \hbox (badness 10000) in paragraph at lines 67--68

 []

)

[38]

[39]
\openout2 = Annexes.aux
 (./Annexes.tex
Chapitre 8.

Overfull \hbox (1.9025pt too wide) in paragraph at lines 15--16
[]\TU/lmr/m/n/10 Vous rappelez-vous de quand et de comment avez vous découvert le piratage? Que recherchiez
 []


Overfull \hbox (0.81247pt too wide) in paragraph at lines 43--44
[]\TU/lmr/m/n/10 Est ce que votre dépôt de contenu piraté suit une organisati
on particulière, ou un classement? 
 []



[40




]

[41]
Overfull \hbox (48.76749pt too wide) in paragraph at lines 62--63
\TU/lmr/m/n/10 catégorie socioprofessionnelle de vos parents ainsi que leur niv
eau d’études, votre catégorie socioprofessionnelle
 []


Underfull \hbox (badness 10000) in paragraph at lines 62--63

 []


Underfull \hbox (badness 10000) in paragraph at lines 68--69

 []


Underfull \hbox (badness 10000) in paragraph at lines 70--71

 []

)

[42]
\openout2 = annexes_ubuweb.aux
 (./annexes_ubuweb.tex
Overfull \hbox (7.71777pt too wide) in paragraph at lines 4--5
[] \TU/lmr/m/it/10 UbuWeb est une bibliothèque fantôme pirate composée de cen
taines de milliers d’artefacts
 []

)

[43



] (./0.Mémoire_TNAH1.aux ("./1.0 Remerciement.aux")
("./1.1 Introduction V2.aux")
("./2.De l'individu à la communauté patrimoniale.aux")
("./3.ni dieu ni maître.aux") ("./4 Bibliotheca mundi, Hic sunt dracones.aux") ("./5. Conclusion.aux") (./archivographie.aux) (./bibliographie.aux)
(./Annexes.aux) (./annexes_ubuweb.aux))
 ***********
LaTeX2e <2024-11-01> patch level 2
L3 programming layer <2025-01-18>
 ***********


LaTeX Warning: There were undefined references.

Package rerunfilecheck Info: File `0.Mémoire_TNAH1.out' has not changed.
(rerunfilecheck)             Checksum: 737CCD2438A3E02D95DCEB9BEA521756;4856.

Package biblatex Warning: Please (re)run Biber on the file:
(biblatex)                0.Mémoire_TNAH1
(biblatex)                and rerun LaTeX afterwards.

Package logreq Info: Writing requests to '0.Mémoire_TNAH1.run.xml'.

\openout1 = 0.Mémoire_TNAH1.run.xml
)

Here is how much of LuaTeX's memory you used:
 20582 strings out of 475506
 125165,1648299 words of node,token memory allocated
 3809 words of node memory still in use:
   3 hlist, 1 vlist, 1 rule, 272 glue, 7 kern, 2 penalty, 1 glyph, 457 attribute
, 63 glue_spec, 230 attribute_list, 3 write, 8 pdf_action nodes
   avail lists: 1:1,2:522,3:258,4:149,5:704,6:71,7:11436,8:2,9:639,10:16,11:101,
12:1
 42984 multiletter control sequences out of 65536+600000
 55 fonts using 4670759 bytes
 93i,8n,102p,3458b,1787s stack positions out of 10000i,1000n,20000p,200000b,200000s
</usr/share/texmf-dist/fonts/opentype/public/lm/lmroman10-bolditalic.otf></usr/s
hare/texmf-dist/fonts/opentype/public/lm/lmroman8-bold.otf></usr/share/texmf-dis
t/fonts/opentype/public/lm/lmroman8-italic.otf></usr/share/texmf-dist/fonts/open
type/public/lm/lmroman8-regular.otf></usr/share/texmf-dist/fonts/opentype/public
/lm/lmroman6-regular.otf></usr/share/texmf-dist/fonts/opentype/public/lm/lmroman
7-regular.otf></usr/share/texmf-dist/fonts/opentype/public/lm/lmroman10-bold.otf
></usr/share/texmf-dist/fonts/opentype/public/lm/lmroman12-bold.otf></usr/share/
texmf-dist/fonts/opentype/public/lm/lmroman10-regular.otf></usr/share/texmf-dist
/fonts/opentype/public/lm/lmroman10-italic.otf></usr/share/texmf-dist/fonts/open
type/public/lm/lmroman12-italic.otf></usr/share/texmf-dist/fonts/opentype/public
/lm/lmroman12-regular.otf></usr/share/texmf-dist/fonts/opentype/public/lm/lmroma
n17-regular.otf>
Output written on 0.Mémoire_TNAH1.pdf (44 pages, 256020 bytes).

PDF statistics: 626 PDF objects out of 1000 (max. 8388607)
 535 compressed objects within 6 object streams
 168 named destinations out of 1000 (max. 131072)
 169 words of extra memory for PDF output out of 10000 (max. 100000000)

